retail_pricing_final.csv
product_id,product_category_name,month_year,unit_price,lag_price,qty,lag_qty,comp_1,comp_2,comp_3,pct_price_change,pct_demand_change,avg_comp_price,price_vs_competitor
computers1,computers_accessories,01/02/2018,84.75608826,90.53399658,30,31,149,149.8999939,78.71228027,-6.382,-3.2258,125.8708,-41.1147
computers1,computers_accessories,01/03/2018,87.5,84.75608826,13,30,136.1428528,149.8999939,81.02391052,3.2374,-56.6667,122.3556,-34.8556
computers1,computers_accessories,01/04/2018,94,87.5,5,13,120.9230804,149.8999939,80.66666412,7.4286,-61.5385,117.1632,-23.1632
computers1,computers_accessories,01/05/2017,94.90000153,94.84999847,4,5,94.90000153,94.90000153,94.90000153,0.0527,-20,94.9,0
computers1,computers_accessories,01/06/2017,100.9000015,94.90000153,6,4,159.9900055,100.9000015,100.9000015,6.3224,50,120.5967,-19.6967
computers1,computers_accessories,01/06/2018,73,72.94999695,4,6,114.4911575,149.8999939,78.90000153,0.0685,-33.3333,114.4304,-41.4304
computers1,computers_accessories,01/07/2017,109.9000015,100.9000015,10,4,139.9900055,109.9000015,109.9000015,8.9197,150,119.93,-10.03
computers1,computers_accessories,01/07/2018,66.3421402,73,18,10,119.9899979,149.8999939,77.90000153,-9.1204,80,115.93,-49.5879
computers1,computers_accessories,01/08/2018,79.90000153,66.3421402,1,2,119.9899979,149.8999939,77.90000153,20.4363,-50,115.93,-36.03
computers1,computers_accessories,01/09/2017,98.90000153,109.9000015,4,1,151.9900055,98.90000153,98.90000153,-10.0091,300,116.5967,-17.6967
computers4,computers_accessories,01/02/2017,159.9900055,159.9400024,3,43,159.9900055,159.9900055,159.9900055,0.0313,-93.0233,159.99,0
computers4,computers_accessories,01/02/2018,149,156.5113525,31,3,149,149.8999939,78.71228027,-4.7992,933.3333,125.8708,23.1292
computers4,computers_accessories,01/03/2018,136.1428528,149,44,3,136.1428528,149.8999939,81.02391052,-8.629,1366.6667,122.3556,13.7873
computers4,computers_accessories,01/04/2017,139.9900055,159.9900055,5,44,139.9900055,139.9900055,139.9900055,-12.5008,-88.6364,139.99,0
computers4,computers_accessories,01/04/2018,120.9230804,136.1428528,56,5,120.9230804,149.8999939,80.66666412,-11.1793,1020,117.1632,3.7598
computers4,computers_accessories,01/05/2018,119,120.9230804,25,56,119,149.8999939,79.80000305,-1.5903,-55.3571,116.2333,2.7667
computers4,computers_accessories,01/06/2017,159.9900055,159.9400024,3,25,159.9900055,159.9900055,159.9900055,0.0313,-88,159.99,0
computers4,computers_accessories,01/06/2018,114.4911575,119,27,3,114.4911575,149.8999939,78.90000153,-3.7889,800,114.4304,0.0608
computers4,computers_accessories,01/07/2017,139.9900055,159.9900055,6,27,139.9900055,139.9900055,139.9900055,-12.5008,-77.7778,139.99,0
computers4,computers_accessories,01/07/2018,119.9899979,114.4911575,9,6,119.9899979,149.8999939,77.90000153,4.8029,50,115.93,4.06
computers4,computers_accessories,01/08/2017,145.7042847,139.9900055,7,9,145.7042847,145.7042847,145.7042847,4.0819,-22.2222,145.7043,0
computers4,computers_accessories,01/09/2017,151.9900055,145.7042847,11,10,151.9900055,151.9900055,151.9900055,4.314,10,151.99,0
computers4,computers_accessories,01/10/2017,154.6958771,151.9900055,17,11,154.6958771,154.6958771,154.6958771,1.7803,54.5455,154.6959,0
computers4,computers_accessories,01/11/2017,149.9900055,154.6958771,18,17,149.9900055,149.9900055,109.9000015,-3.042,5.8824,136.6267,13.3633
garden1,garden_tools,01/02/2017,99.98999786,99.94000244,1,11,99.98999786,99.98999786,99.98999786,0.05,-90.9091,99.99,0
garden1,garden_tools,01/02/2018,120,127.727272,7,1,50.5451622,50.90000153,50.3571434,-6.0498,600,50.6008,69.3992
garden1,garden_tools,01/03/2018,110,120,6,5,53.90000153,53.90000153,53.90000153,-8.3333,20,53.9,56.1
garden1,garden_tools,01/05/2017,109.9899979,109.9400024,4,5,59.90000153,59.90000153,109.9899979,0.0455,-20,76.5967,33.3933
garden1,garden_tools,01/06/2018,89.98999786,110,6,6,49.90000153,49.90000153,49.90000153,-18.1909,0,49.9,40.09
garden1,garden_tools,01/07/2017,120,109.9899979,1,6,59.90000153,59.90000153,59.90000153,9.1008,-83.3333,59.9,60.1
garden1,garden_tools,01/07/2018,99.98999786,89.98999786,7,1,49.90999985,49.90000153,49.90000153,11.1123,600,49.9033,50.0867
garden1,garden_tools,01/08/2018,98.32333374,99.98999786,6,2,49.90999985,49.90000153,49.90000153,-1.6668,200,49.9033,48.42
garden1,garden_tools,01/09/2017,102.5,120,7,6,59.90000153,59.90000153,59.90000153,-14.5833,16.6667,59.9,42.6
garden1,garden_tools,01/10/2017,95.29000092,102.5,17,7,59.90000153,59.90000153,59.90000153,-7.0341,142.8571,59.9,35.39
garden1,garden_tools,01/11/2017,89.98999786,95.29000092,28,17,52.40694427,53.6482811,53.7857132,-5.562,64.7059,53.2803,36.7097
garden3,garden_tools,01/02/2017,99.98999786,99.94000244,1,12,99.98999786,99.98999786,99.98999786,0.05,-91.6667,99.99,0
garden3,garden_tools,01/02/2018,120,123.331665,14,1,50.5451622,50.90000153,50.3571434,-2.7014,1300,50.6008,69.3992
garden3,garden_tools,01/03/2018,113.3333359,120,6,11,53.90000153,53.90000153,53.90000153,-5.5556,-45.4545,53.9,59.4333
garden3,garden_tools,01/04/2017,96.65666962,99.98999786,8,6,96.65666962,96.65666962,96.65666962,-3.3337,33.3333,96.6567,0
garden3,garden_tools,01/04/2018,110,113.3333359,7,8,53.90000153,53.90000153,53.90000153,-2.9412,-12.5,53.9,56.1
garden3,garden_tools,01/05/2017,109.9899979,96.65666962,2,7,59.90000153,59.90000153,109.9899979,13.7945,-71.4286,76.5967,33.3933
garden3,garden_tools,01/06/2017,119.9899979,109.9899979,2,8,59.90000153,59.90000153,119.9899979,9.0917,-75,79.93,40.06
garden3,garden_tools,01/06/2018,96.65666962,110,10,2,49.90000153,49.90000153,49.90000153,-12.1303,400,49.9,46.7567
garden3,garden_tools,01/07/2017,120,119.9899979,2,10,59.90000153,59.90000153,59.90000153,0.0083,-80,59.9,60.1
garden3,garden_tools,01/07/2018,99.98999786,96.65666962,5,2,49.90999985,49.90000153,49.90000153,3.4486,150,49.9033,50.0867
garden3,garden_tools,01/09/2017,104.25,104.1999969,4,2,59.90000153,59.90000153,59.90000153,0.048,100,59.9,44.35
garden3,garden_tools,01/10/2017,92.59400177,104.25,12,4,59.90000153,59.90000153,59.90000153,-11.1808,200,59.9,32.694
garden3,garden_tools,01/11/2017,89.98999786,92.59400177,21,12,52.40694427,53.6482811,53.7857132,-2.8123,75,53.2803,36.7097
garden6,garden_tools,01/02/2018,50.5451622,49.90000153,39,12,50.5451622,50.90000153,50.3571434,1.2929,225,50.6008,-0.0556
garden6,garden_tools,01/03/2018,53.90000153,50.5451622,31,39,53.90000153,53.90000153,53.90000153,6.6373,-20.5128,53.9,0
garden6,garden_tools,01/05/2017,59.90000153,59.84999847,4,46,59.90000153,59.90000153,59.90000153,0.0835,-91.3043,59.9,0
garden6,garden_tools,01/05/2018,53.41514969,53.90000153,56,4,53.41514969,53.70952225,53.05789566,-0.8995,1300,53.3942,0.021
garden6,garden_tools,01/06/2018,49.90000153,53.41514969,12,1,49.90000153,49.90000153,49.90000153,-6.5808,1100,49.9,0
garden6,garden_tools,01/07/2018,49.90999985,49.90000153,6,14,49.90999985,49.90000153,49.90000153,0.02,-57.1429,49.9033,0.0067
garden6,garden_tools,01/11/2017,52.40694427,59.90000153,91,39,52.40694427,53.6482811,53.7857132,-12.5093,133.3333,53.2803,-0.8734
garden6,garden_tools,01/12/2017,55.09999847,52.40694427,51,91,55.09999847,55.42499924,55.75,5.1387,-43.956,55.425,-0.325
garden7,garden_tools,01/02/2018,51.40000153,49.90000153,8,11,50.5451622,50.90000153,50.3571434,3.006,-27.2727,50.6008,0.7992
garden7,garden_tools,01/03/2018,53.90000153,51.40000153,3,8,53.90000153,53.90000153,53.90000153,4.8638,-62.5,53.9,0
garden7,garden_tools,01/04/2017,59.90000153,59.84999847,1,3,59.90000153,59.90000153,59.90000153,0.0835,-66.6667,59.9,0
garden7,garden_tools,01/05/2018,52.90000153,53.90000153,9,1,53.41514969,53.70952225,53.05789566,-1.8553,800,53.3942,-0.4942
garden7,garden_tools,01/06/2018,49.90000153,52.90000153,5,9,49.90000153,49.90000153,49.90000153,-5.6711,-44.4444,49.9,0
garden7,garden_tools,01/07/2017,59.90000153,59.84999847,4,5,59.90000153,59.90000153,59.90000153,0.0835,-20,59.9,0
garden7,garden_tools,01/11/2017,51.32222366,59.90000153,20,11,52.40694427,53.6482811,53.7857132,-14.3202,81.8182,53.2803,-1.9581
garden7,garden_tools,01/12/2017,56.97777939,51.32222366,10,20,55.09999847,55.42499924,55.75,11.0197,-50,55.425,1.5528
garden8,garden_tools,01/02/2017,179.9900055,179.9400024,1,14,179.9900055,179.9900055,179.9900055,0.0278,-92.8571,179.99,0
garden8,garden_tools,01/02/2018,179,187.8542786,12,1,50.5451622,50.90000153,50.3571434,-4.7134,1100,50.6008,128.3992
garden8,garden_tools,01/03/2018,175.1538391,179,13,12,53.90000153,53.90000153,53.90000153,-2.1487,8.3333,53.9,121.2538
garden8,garden_tools,01/04/2017,179.9900055,179.9400024,3,13,179.9900055,179.9900055,179.9900055,0.0278,-76.9231,179.99,0
garden8,garden_tools,01/04/2018,179,175.1538391,11,3,53.90000153,53.90000153,53.90000153,2.1959,266.6667,53.9,125.1
garden8,garden_tools,01/06/2018,159,179,10,3,49.90000153,49.90000153,49.90000153,-11.1732,233.3333,49.9,109.1
garden8,garden_tools,01/07/2018,139,159,8,10,49.90999985,49.90000153,49.90000153,-12.5786,-20,49.9033,89.0967
garden8,garden_tools,01/09/2017,179.9900055,179.9400024,2,7,59.90000153,59.90000153,59.90000153,0.0278,-71.4286,59.9,120.09
garden8,garden_tools,01/12/2017,183.9900055,179.9900055,15,13,55.09999847,55.42499924,55.75,2.2223,15.3846,55.425,128.565
perfumery2,perfumery,01/02/2018,117.8888855,117.9000015,11,6,56.99000168,117.8888855,117.8888855,-0.0094,83.3333,97.5893,20.2996
perfumery2,perfumery,01/03/2018,117.6999969,117.8888855,4,11,50.49000168,117.6999969,117.6999969,-0.1602,-63.6364,95.2967,22.4033
perfumery2,perfumery,01/04/2018,117.9749985,117.6999969,8,4,49.99000168,117.9749985,117.9749985,0.2336,100,95.3133,22.6617
perfumery2,perfumery,01/05/2018,119.9000015,117.9749985,17,8,119.9000015,119.9000015,119.9000015,1.6317,112.5,119.9,0
perfumery2,perfumery,01/06/2018,119.1785736,119.9000015,14,17,119.1785736,119.1785736,119.1785736,-0.6017,-17.6471,119.1786,0
perfumery2,perfumery,01/07/2018,118.6999969,119.1785736,5,14,49.99000168,118.6999969,118.6999969,-0.4016,-64.2857,95.7967,22.9033
perfumery2,perfumery,01/08/2017,142.5,142.4499969,1,5,56.99000168,142.5,142.5,0.0351,-80,113.9967,28.5033
perfumery2,perfumery,01/08/2018,116.9066696,118.6999969,17,1,49.99000168,116.9066696,116.9066696,-1.5108,1600,94.6011,22.3056
perfumery2,perfumery,01/11/2017,118.0500031,142.5,8,2,56.99000168,118.0500031,118.0500031,-17.1579,300,97.6967,20.3533
perfumery2,perfumery,01/12/2017,118,118.0500031,12,8,56.99000168,118,118,-0.0424,50,97.6633,20.3367
watches1,watches_gifts,01/02/2018,182,199,6,2,128.2416687,108,182,-8.5427,200,139.4139,42.5861
watches1,watches_gifts,01/03/2017,241.0059967,240.9559937,5,6,241.0059967,241.0059967,241.0059967,0.0208,-16.6667,241.006,0
watches1,watches_gifts,01/03/2018,151.8784332,182,32,5,117.4412918,105.6428604,151.8784332,-16.5503,540,124.9875,26.8909
watches1,watches_gifts,01/04/2017,255.6100006,241.0059967,3,32,255.6100006,255.6100006,255.6100006,6.0596,-90.625,255.61,0
watches1,watches_gifts,01/04/2018,150.1333313,151.8784332,9,3,105.6486282,105,150.1333313,-1.149,200,120.2607,29.8727
watches1,watches_gifts,01/05/2018,132.53125,150.1333313,32,9,103.7925262,105,132.53125,-11.7243,255.5556,113.7746,18.7567
watches1,watches_gifts,01/06/2017,185,184.9499969,5,32,163,185,185,0.027,-84.375,177.6667,7.3333
watches1,watches_gifts,01/06/2018,138.2200012,132.53125,15,5,119,105,138.2200012,4.2924,200,120.74,17.48
watches1,watches_gifts,01/07/2017,197.3829956,185,10,15,161.5909119,197.3829956,197.3829956,6.6935,-33.3333,185.4523,11.9307
watches1,watches_gifts,01/07/2018,155,138.2200012,2,10,118.3636398,105,155,12.1401,-80,126.1212,28.8788
watches1,watches_gifts,01/08/2017,179.8999939,197.3829956,15,2,160.6692352,179.8999939,179.8999939,-8.8574,650,173.4897,6.4103
watches1,watches_gifts,01/08/2018,145.5509033,155,11,15,112,105,145.5509033,-6.0962,-26.6667,120.8503,24.7006
watches1,watches_gifts,01/09/2017,164.5700073,179.8999939,20,11,148.7785645,164.5700073,164.5700073,-8.5214,81.8182,159.3062,5.2638
watches1,watches_gifts,01/10/2017,232.4900055,164.5700073,4,20,134.8999939,232.4900055,232.4900055,41.2712,-80,199.96,32.53
watches1,watches_gifts,01/11/2017,174.4333344,232.4900055,18,4,133,108,174.4333344,-24.9717,350,138.4778,35.9556
watches1,watches_gifts,01/12/2017,185.9600067,174.4333344,5,18,149,108,185.9600067,6.6081,-72.2222,147.6533,38.3067
watches2,watches_gifts,01/02/2018,145.9942932,148.5,14,8,128.2416687,108,182,-1.6873,75,139.4139,6.5804
watches2,watches_gifts,01/03/2018,123.9666672,145.9942932,9,14,117.4412918,105.6428604,151.8784332,-15.088,-35.7143,124.9875,-1.0209
watches2,watches_gifts,01/04/2018,119.1900024,123.9666672,10,9,105.6486282,105,150.1333313,-3.8532,11.1111,120.2607,-1.0707
watches2,watches_gifts,01/05/2018,118.1318207,119.1900024,22,10,103.7925262,105,132.53125,-0.8878,120,113.7746,4.3572
watches2,watches_gifts,01/06/2017,157.9900055,157.9400024,5,22,163,157.9900055,185,0.0317,-77.2727,168.6633,-10.6733
watches2,watches_gifts,01/06/2018,139.8999939,118.1318207,1,5,119,105,138.2200012,18.427,-80,120.74,19.16
watches2,watches_gifts,01/07/2017,171.7920074,157.9900055,6,1,161.5909119,171.7920074,197.3829956,8.736,500,176.922,-5.13
watches2,watches_gifts,01/07/2018,138.9799957,139.8999939,5,6,118.3636398,105,155,-0.6576,-16.6667,126.1212,12.8588
watches2,watches_gifts,01/08/2017,169.8999939,171.7920074,5,5,160.6692352,169.8999939,179.8999939,-1.1013,0,170.1564,-0.2564
watches2,watches_gifts,01/08/2018,138,138.9799957,3,5,112,105,145.5509033,-0.7051,-40,120.8503,17.1497
watches2,watches_gifts,01/09/2017,160.3999939,169.8999939,10,3,148.7785645,160.3999939,164.5700073,-5.5915,233.3333,157.9162,2.4838
watches2,watches_gifts,01/10/2017,149.4750061,160.3999939,16,10,134.8999939,149.4750061,232.4900055,-6.8111,60,172.2883,-22.8133
watches2,watches_gifts,01/11/2017,140.5599976,149.4750061,26,16,133,108,174.4333344,-5.9642,62.5,138.4778,2.0822
watches2,watches_gifts,01/12/2017,149,140.5599976,6,26,149,108,185.9600067,6.0046,-76.9231,147.6533,1.3467
watches6,watches_gifts,01/03/2018,117.4412918,128.2416687,31,6,117.4412918,105.6428604,151.8784332,-8.4219,416.6667,124.9875,-7.5462
watches6,watches_gifts,01/04/2018,105.6486282,117.4412918,85,31,105.6486282,105,150.1333313,-10.0413,174.1935,120.2607,-14.612
watches6,watches_gifts,01/05/2018,103.7925262,105.6486282,114,85,103.7925262,105,132.53125,-1.7569,34.1176,113.7746,-9.9821
watches6,watches_gifts,01/06/2017,163,162.9499969,4,114,163,163,185,0.0307,-96.4912,170.3333,-7.3333
watches6,watches_gifts,01/06/2018,119,103.7925262,9,4,119,105,138.2200012,14.6518,125,120.74,-1.74
watches6,watches_gifts,01/07/2017,161.5909119,163,11,9,161.5909119,161.5909119,197.3829956,-0.8645,22.2222,173.5216,-11.9307
watches6,watches_gifts,01/07/2018,118.3636398,119,11,11,118.3636398,105,155,-0.5348,0,126.1212,-7.7576
watches6,watches_gifts,01/08/2017,160.6692352,161.5909119,13,11,160.6692352,160.6692352,179.8999939,-0.5704,18.1818,167.0795,-6.4103
watches6,watches_gifts,01/08/2018,112,118.3636398,1,13,112,105,145.5509033,-5.3763,-92.3077,120.8503,-8.8503
watches6,watches_gifts,01/09/2017,148.7785645,160.6692352,18,1,148.7785645,148.7785645,164.5700073,-7.4007,1700,154.0424,-5.2638
watches6,watches_gifts,01/10/2017,134.8999939,148.7785645,1,18,134.8999939,134.8999939,232.4900055,-9.3283,-94.4444,167.43,-32.53
watches6,watches_gifts,01/11/2017,133,134.8999939,15,1,133,108,174.4333344,-1.4084,1400,138.4778,-5.4778
watches6,watches_gifts,01/12/2017,149,133,4,15,149,108,185.9600067,12.0301,-73.3333,147.6533,1.3467
watches7,watches_gifts,01/02/2018,347,339.8999939,5,1,128.2416687,108,182,2.0889,400,139.4139,207.5861
watches7,watches_gifts,01/03/2018,307.8333435,347,6,5,117.4412918,105.6428604,151.8784332,-11.2872,20,124.9875,182.8458
watches7,watches_gifts,01/04/2018,280.6666565,307.8333435,6,6,105.6486282,105,150.1333313,-8.8251,0,120.2607,160.406
watches7,watches_gifts,01/05/2018,258.969574,280.6666565,23,6,103.7925262,105,132.53125,-7.7306,283.3333,113.7746,145.195
watches7,watches_gifts,01/06/2018,245.8999939,258.969574,4,23,119,105,138.2200012,-5.0468,-82.6087,120.74,125.16
watches7,watches_gifts,01/07/2018,169.3493195,245.8999939,45,4,118.3636398,105,155,-31.1308,1025,126.1212,43.2281
watches7,watches_gifts,01/08/2017,339,338.9500122,2,45,160.6692352,339,179.8999939,0.0147,-95.5556,226.5231,112.4769
watches7,watches_gifts,01/10/2017,346.1579895,339,10,1,134.8999939,346.1579895,232.4900055,2.1115,900,237.8493,108.3087
watches7,watches_gifts,01/11/2017,345.706665,346.1579895,9,10,133,108,174.4333344,-0.1304,-10,138.4778,207.2289
watches7,watches_gifts,01/12/2017,348.7999878,345.706665,11,9,149,108,185.9600067,0.8948,22.2222,147.6533,201.1467
watches8,watches_gifts,01/02/2018,204.6181793,229.8999939,11,2,128.2416687,108,182,-10.9969,450,139.4139,65.2043
watches8,watches_gifts,01/03/2018,167.5,204.6181793,16,11,117.4412918,105.6428604,151.8784332,-18.1402,45.4545,124.9875,42.5125
watches8,watches_gifts,01/04/2018,150.3423004,167.5,26,16,105.6486282,105,150.1333313,-10.2434,62.5,120.2607,30.0816
watches8,watches_gifts,01/05/2018,145.1666718,150.3423004,30,26,103.7925262,105,132.53125,-3.4426,15.3846,113.7746,31.3921
watches8,watches_gifts,01/06/2018,152.6333313,145.1666718,3,30,119,105,138.2200012,5.1435,-90,120.74,31.8933
watches8,watches_gifts,01/07/2017,239.8999939,239.8500061,2,3,161.5909119,239.8999939,197.3829956,0.0208,-33.3333,199.6246,40.2754
watches8,watches_gifts,01/07/2018,157.1428528,152.6333313,14,2,118.3636398,105,155,2.9545,600,126.1212,31.0216
watches8,watches_gifts,01/08/2018,157.9454498,157.1428528,11,14,112,105,145.5509033,0.5107,-21.4286,120.8503,37.0951
watches8,watches_gifts,01/10/2017,239.8999939,239.8500061,2,11,134.8999939,239.8999939,232.4900055,0.0208,-81.8182,202.43,37.47
